---
source: tui/src/history_cell/separators_tests.rs
expression: "labels.join(\"\\n\")"
---
Worked for 2m 5s, finished at 00:25 on 6 Sep 2000
  Worked for 2m 5s,
  finished at 00:25 on 6
  Sep 2000
Worked for 2m 5s, finished at 12:25 on 6 Sep 2000
  Worked for 2m 5s,
  finished at 12:25 on 6
  Sep 2000
Worked for 2m 5s, finished at 23:25 on 6 Sep 2000
  Worked for 2m 5s,
  finished at 23:25 on 6
  Sep 2000
